// Jest Snapshot v1, https://goo.gl/fbAQLP

exports[`enum.graphql - graphql-verify: enum.graphql 1`] = `
enum State {
  PENDING
  VISIBLE
  ARCHIVED
}
~~~~~~~~~~~~~~~~~~~~~~~~~~~~~~~~~~~~~~~~~~~~~~~~~~~~~~~~~~~~~~~~~~~~~~~~~~~~~~~~
enum State {
  PENDING
  VISIBLE
  ARCHIVED
}

`;
