// Jest Snapshot v1, https://goo.gl/fbAQLP

exports[`pseudo_call.css - css-verify: pseudo_call.css 1`] = `
div:not(:last-child) {
}
~~~~~~~~~~~~~~~~~~~~~~~~~~~~~~~~~~~~~~~~~~~~~~~~~~~~~~~~~~~~~~~~~~~~~~~~~~~~~~~~
div:not(:last-child) {
}

`;
