// Jest Snapshot v1, https://goo.gl/fbAQLP

exports[`type_literal_optional_method.ts 1`] = `
var v: { e?(): number };
~~~~~~~~~~~~~~~~~~~~~~~~~~~~~~~~~~~~~~~~~~~~~~~~~~~~~~~~~~~~~~~~~~~~~~~~~~~~~~~~
var v: { e?(): number };

`;
