// Jest Snapshot v1, https://goo.gl/fbAQLP

exports[`argument-name-clash.js - babylon-verify: argument-name-clash.js 1`] = `
function f(a,a){return a}
~~~~~~~~~~~~~~~~~~~~~~~~~~~~~~~~~~~~~~~~~~~~~~~~~~~~~~~~~~~~~~~~~~~~~~~~~~~~~~~~
function f(a, a) {
  return a;
}

`;

exports[`keywords.js - babylon-verify: keywords.js 1`] = `
var package = require('../package');

/**
 * My amazing comment
 */
function myFunction() {
	return 'StringGainz';
}
~~~~~~~~~~~~~~~~~~~~~~~~~~~~~~~~~~~~~~~~~~~~~~~~~~~~~~~~~~~~~~~~~~~~~~~~~~~~~~~~
var package = require("../package");

/**
 * My amazing comment
 */
function myFunction() {
  return "StringGainz";
}

`;

exports[`octal-number.js - babylon-verify: octal-number.js 1`] = `
0777
~~~~~~~~~~~~~~~~~~~~~~~~~~~~~~~~~~~~~~~~~~~~~~~~~~~~~~~~~~~~~~~~~~~~~~~~~~~~~~~~
0777;

`;
