// Jest Snapshot v1, https://goo.gl/fbAQLP

exports[`tuple.ts 1`] = `

export type SCMRawResource = [
	number /*handle*/,
	string /*resourceUri*/,
	modes.Command /*command*/,
	string[] /*icons: light, dark*/,
	boolean /*strike through*/,
	boolean /*faded*/
];
~~~~~~~~~~~~~~~~~~~~~~~~~~~~~~~~~~~~~~~~~~~~~~~~~~~~~~~~~~~~~~~~~~~~~~~~~~~~~~~~
export type SCMRawResource = [
  number /*handle*/,
  string /*resourceUri*/,
  modes.Command /*command*/,
  string[] /*icons: light, dark*/,
  boolean /*strike through*/,
  boolean /*faded*/
];

`;
