// Jest Snapshot v1, https://goo.gl/fbAQLP

exports[`cunstructorType.ts - typescript-verify: cunstructorType.ts 1`] = `
var d: new(x: number) => void;
~~~~~~~~~~~~~~~~~~~~~~~~~~~~~~~~~~~~~~~~~~~~~~~~~~~~~~~~~~~~~~~~~~~~~~~~~~~~~~~~
var d: new (x: number) => void;

`;
