// Jest Snapshot v1, https://goo.gl/fbAQLP

exports[`indent.js 1`] = `
"if (someVeryLongStringA && someVeryLongStringB && someVeryLongStringC && someVeryLongStringD) {}
while (someVeryLongStringA && someVeryLongStringB && someVeryLongStringC && someVeryLongStringD) {}
~~~~~~~~~~~~~~~~~~~~~~~~~~~~~~~~~~~~~~~~~~~~~~~~~~~~~~~~~~~~~~~~~~~~~~~~~~~~~~~~
if (
  someVeryLongStringA &&
  someVeryLongStringB &&
  someVeryLongStringC &&
  someVeryLongStringD
) {
}
while (
  someVeryLongStringA &&
  someVeryLongStringB &&
  someVeryLongStringC &&
  someVeryLongStringD
) {
}
"
`;
