// Jest Snapshot v1, https://goo.gl/fbAQLP

exports[`comments.ts - typescript-verify: comments.ts 1`] = `
/* http://www.site.com or http://www.site.com/page.html */
~~~~~~~~~~~~~~~~~~~~~~~~~~~~~~~~~~~~~~~~~~~~~~~~~~~~~~~~~~~~~~~~~~~~~~~~~~~~~~~~
/* http://www.site.com or http://www.site.com/page.html */

`;
