// Jest Snapshot v1, https://goo.gl/fbAQLP

exports[`support absolute filename 1`] = `
"regular-module.js
"
`;
