// Jest Snapshot v1, https://goo.gl/fbAQLP

exports[`dummy.js - flow-verify: dummy.js 1`] = `
~~~~~~~~~~~~~~~~~~~~~~~~~~~~~~~~~~~~~~~~~~~~~~~~~~~~~~~~~~~~~~~~~~~~~~~~~~~~~~~~

`;

exports[`test.js - flow-verify: test.js 1`] = `
require('./dummy');
var xxx = 0;
xxx
~~~~~~~~~~~~~~~~~~~~~~~~~~~~~~~~~~~~~~~~~~~~~~~~~~~~~~~~~~~~~~~~~~~~~~~~~~~~~~~~
require("./dummy");
var xxx = 0;
xxx;

`;
