// Jest Snapshot v1, https://goo.gl/fbAQLP

exports[`bar.js - flow-verify: bar.js 1`] = `
module.exports = "bar";
~~~~~~~~~~~~~~~~~~~~~~~~~~~~~~~~~~~~~~~~~~~~~~~~~~~~~~~~~~~~~~~~~~~~~~~~~~~~~~~~
module.exports = "bar";

`;
