// Jest Snapshot v1, https://goo.gl/fbAQLP

exports[`break-continue.js - flow-verify: break-continue.js 1`] = `
function foo() {
    while(true) { break; }
}

function bar() {
    L: do { continue L; } while(false)
}
~~~~~~~~~~~~~~~~~~~~~~~~~~~~~~~~~~~~~~~~~~~~~~~~~~~~~~~~~~~~~~~~~~~~~~~~~~~~~~~~
function foo() {
  while (true) {
    break;
  }
}

function bar() {
  L: do {
    continue L;
  } while (false);
}

`;

exports[`return.js - flow-verify: return.js 1`] = `
function bar(x:number) { }
function foo() {
    var x = null;
    if (x == null) return;
    bar(x);
}
~~~~~~~~~~~~~~~~~~~~~~~~~~~~~~~~~~~~~~~~~~~~~~~~~~~~~~~~~~~~~~~~~~~~~~~~~~~~~~~~
function bar(x: number) {}
function foo() {
  var x = null;
  if (x == null) return;
  bar(x);
}

`;

exports[`toplevel_throw.js - flow-verify: toplevel_throw.js 1`] = `
// @flow

throw new Error('foo'); // no error
~~~~~~~~~~~~~~~~~~~~~~~~~~~~~~~~~~~~~~~~~~~~~~~~~~~~~~~~~~~~~~~~~~~~~~~~~~~~~~~~
// @flow

throw new Error("foo"); // no error

`;
