// Jest Snapshot v1, https://goo.gl/fbAQLP

exports[`testmodule.js - flow-verify: testmodule.js 1`] = `
// @flow

export let test = 42;
~~~~~~~~~~~~~~~~~~~~~~~~~~~~~~~~~~~~~~~~~~~~~~~~~~~~~~~~~~~~~~~~~~~~~~~~~~~~~~~~
// @flow

export let test = 42;

`;
