// Jest Snapshot v1, https://goo.gl/fbAQLP

exports[`empty.md - markdown-verify: empty.md 1`] = `
+++
+++
~~~~~~~~~~~~~~~~~~~~~~~~~~~~~~~~~~~~~~~~~~~~~~~~~~~~~~~~~~~~~~~~~~~~~~~~~~~~~~~~
+++
+++

`;

exports[`simple.md - markdown-verify: simple.md 1`] = `
+++
date: '2017-10-10T22:49:47.369Z'
title: 'My Post Title'
categories: ['foo', 'bar']
+++
~~~~~~~~~~~~~~~~~~~~~~~~~~~~~~~~~~~~~~~~~~~~~~~~~~~~~~~~~~~~~~~~~~~~~~~~~~~~~~~~
+++
date: '2017-10-10T22:49:47.369Z'
title: 'My Post Title'
categories: ['foo', 'bar']
+++

`;
