// Jest Snapshot v1, https://goo.gl/fbAQLP

exports[`hello.graphql - graphql-verify: hello.graphql 1`] = `
{
  project(name: "GraphQL") {
    tagline
  }
}
~~~~~~~~~~~~~~~~~~~~~~~~~~~~~~~~~~~~~~~~~~~~~~~~~~~~~~~~~~~~~~~~~~~~~~~~~~~~~~~~
{
  project(name: "GraphQL") {
    tagline
  }
}

`;
