// Jest Snapshot v1, https://goo.gl/fbAQLP

exports[`generic.ts 1`] = `
====================================options=====================================
parsers: ["typescript"]
printWidth: 80
                                                                                | printWidth
=====================================input======================================
f1<>();

new f2<>();

function f3<>() {}

class f4 {
    constructor<>() {}
}

const f5 = function<>() {}

interface f6<> {
    test<>();
}

class f7<> {
    test<>() {}
}

=====================================output=====================================
f1<>();

new f2<>();

function f3<>() {}

class f4 {
  constructor<>() {}
}

const f5 = function<>() {};

interface f6<> {
  test<>();
}

class f7<> {
  test<>() {}
}

================================================================================
`;

exports[`jsdoc_only_types.ts 1`] = `
====================================options=====================================
parsers: ["typescript"]
printWidth: 80
                                                                                | printWidth
=====================================input======================================
let a: *;
function b(x: ?) {}
let c: ?string;
let d: string?;
let e: ?(string | number);
let f: !string;
let g: string!;
let h: !(string | number);
let i: function(): string;
let j: (function(): string) | number;

=====================================output=====================================
let a: *;
function b(x: ?) {}
let c: ?string;
let d: ?string;
let e: ?(string | number);
let f: !string;
let g: !string;
let h: !(string | number);
let i: function(): string;
let j: (function(): string) | number;

================================================================================
`;
