// Jest Snapshot v1, https://goo.gl/fbAQLP

exports[`foo.js - flow-verify: foo.js 1`] = `
/*
 * @providesModule Foo
 */
~~~~~~~~~~~~~~~~~~~~~~~~~~~~~~~~~~~~~~~~~~~~~~~~~~~~~~~~~~~~~~~~~~~~~~~~~~~~~~~~
/*
 * @providesModule Foo
 */

`;

exports[`test.js - flow-verify: test.js 1`] = `
/**
 * @flow
 */

require('Foo');
~~~~~~~~~~~~~~~~~~~~~~~~~~~~~~~~~~~~~~~~~~~~~~~~~~~~~~~~~~~~~~~~~~~~~~~~~~~~~~~~
/**
 * @flow
 */

require("Foo");

`;
